#-----------------------------------------------------------
# Vivado v2020.2 (64-bit)
# SW Build 3064766 on Wed Nov 18 09:12:45 MST 2020
# IP Build 3064653 on Wed Nov 18 14:17:31 MST 2020
# Start of session at: Fri Aug  6 14:26:32 2021
# Process ID: 19588
# Current directory: C:/Lily_Zhang/GBS20V1/Elijah/git_repo/Xilinx_serdes_test_xpr/serdes_test
# Command line: vivado.exe C:\Lily_Zhang\GBS20V1\Elijah\git_repo\Xilinx_serdes_test_xpr\serdes_test\serdes_test.xpr
# Log file: C:/Lily_Zhang/GBS20V1/Elijah/git_repo/Xilinx_serdes_test_xpr/serdes_test/vivado.log
# Journal file: C:/Lily_Zhang/GBS20V1/Elijah/git_repo/Xilinx_serdes_test_xpr/serdes_test\vivado.jou
#-----------------------------------------------------------
start_gui
open_project C:/Lily_Zhang/GBS20V1/Elijah/git_repo/Xilinx_serdes_test_xpr/serdes_test/serdes_test.xpr
open_hw_manager
connect_hw_server -allow_non_jtag
disconnect_hw_server localhost:3121
connect_hw_server -allow_non_jtag
disconnect_hw_server localhost:3121
connect_hw_server -allow_non_jtag
refresh_hw_server {localhost:3121}
disconnect_hw_server localhost:3121
connect_hw_server -allow_non_jtag
disconnect_hw_server localhost:3121
connect_hw_server -allow_non_jtag
xhub::refresh_catalog [xhub::get_xstores xilinx_board_store]
xhub::refresh_catalog [xhub::get_xstores Vivado_example_project]
open_run synth_1 -name synth_1
disconnect_hw_server localhost:3121
connect_hw_server -allow_non_jtag
disconnect_hw_server localhost:3121
connect_hw_server -allow_non_jtag
